# https://docs.oracle.com/cd/E13160_01/wli/docs10gr3/dbtuning/statsApdx.html
# cd $ORACLE_HOME/rdbms/admin/
# Steps:
# 1. Create Tablepsace
# 2. Go to $ORACLE_HOME/rdbms/admin/
# 3. Jump into PDB
# 4. run script spcreate.sql

cd $ORACLE_HOME/rdbms/admin/

SQL> create tablespace PERFSTAT_DATA datafile '+DATA' size 500M autoextend on maxsize 5G;

SQL> alter session set container=ORCL;

Session altered.

SQL> @spcreate.sql

Session altered.


Choose the PERFSTAT user's password
-----------------------------------
Not specifying a password will result in the installation FAILING

Enter value for perfstat_password: *******
*******


Choose the Default tablespace for the PERFSTAT user
---------------------------------------------------
Below is the list of online tablespaces in this database which can
store user data.  Specifying the SYSTEM tablespace for the user's
default tablespace will result in the installation FAILING, as
using SYSTEM for performance data is not supported.

Choose the PERFSTAT users's default tablespace.  This is the tablespace
in which the STATSPACK tables and indexes will be created.

TABLESPACE_NAME 	       CONTENTS
------------------------------ ---------------------
STATSPACK DEFAULT TABLESPACE
----------------------------
PERFSTAT_DATA		       PERMANENT


SYSAUX			       PERMANENT
*

USERS			       PERMANENT



Pressing <return> will result in STATSPACK's recommended default
tablespace (identified by *) being used.

Enter value for default_tablespace: PERFSTAT_DATA

Using tablespace PERFSTAT_DATA as PERFSTAT default tablespace.


Choose the Temporary tablespace for the PERFSTAT user
-----------------------------------------------------
Below is the list of online tablespaces in this database which can
store temporary data (e.g. for sort workareas).  Specifying the SYSTEM
tablespace for the user's temporary tablespace will result in the
installation FAILING, as using SYSTEM for workareas is not supported.

Choose the PERFSTAT user's Temporary tablespace.

TABLESPACE_NAME 	       CONTENTS 	     DB DEFAULT TEMP TABLESPACE
------------------------------ --------------------- --------------------------
TEMP			       TEMPORARY	     *

Package created.

No errors.
Creating Package Body STATSPACK...

Package body created.

No errors.

NOTE:
SPCPKG complete. Please check spcpkg.lis for any errors.

SQL> 
SQL> -- Bug#25233027: xxx Set this parameter to FALSE for creating common objects in consolidated database
SQL> alter session set "_oracle_script" = FALSE;

Session altered.
